// Jest Snapshot v1, https://goo.gl/fbAQLP

exports[`HomeView Should render correctly with mount 1`] = `
"<MemoryRouter>
  <Router history={{...}}>
    <HomeView history={{...}} location={{...}} match={{...}} updateAlertBar={[Function: updateAlertBar]} alert={{...}}>
      <BasePage history={{...}} location={{...}} match={{...}} updateAlertBar={[Function: updateAlertBar]} alert={{...}}>
        <div className=\\"pagebody\\">
           
          <div className=\\"mainbody\\">
            <AlertBar history={{...}} location={{...}} match={{...}} updateAlertBar={[Function: updateAlertBar]} alert={{...}}>
              <Alert show={true} variant=\\"primary\\" onClose={[Function (anonymous)]} dismissible={true} transition={{...}} closeLabel=\\"Close alert\\">
                <Fade unmountOnExit={true} in={true} timeout={300} mountOnEnter={false} appear={false}>
                  <ForwardRef addEndListener={[Function: transitionEndListener]} unmountOnExit={true} in={true} timeout={300} mountOnEnter={false} appear={false} onEnter={[Function (anonymous)]} childRef={{...}}>
                    <Transition unmountOnExit={true} in={true} timeout={300} mountOnEnter={false} appear={false} onEnter={[Function (anonymous)]} onEntered={[Function (anonymous)]} onEntering={[Function (anonymous)]} onExit={[Function (anonymous)]} onExited={[Function (anonymous)]} onExiting={[Function (anonymous)]} addEndListener={[Function (anonymous)]} nodeRef={{...}} enter={true} exit={true}>
                      <div role=\\"alert\\" className=\\"fade alert alert-primary alert-dismissible show\\">
                        <CloseButton onClick={[Function (anonymous)]} aria-label=\\"Close alert\\" variant={[undefined]}>
                          <button type=\\"button\\" className=\\"btn-close\\" onClick={[Function (anonymous)]} aria-label=\\"Close alert\\" />
                        </CloseButton>
                      </div>
                    </Transition>
                  </ForwardRef>
                </Fade>
              </Alert>
            </AlertBar>
            <Row>
              <div className=\\"row\\">
                <Col>
                  <div className=\\"col\\">
                    Home page
                  </div>
                </Col>
              </div>
            </Row>
          </div>
        </div>
        <footer className=\\"footer py-3 text-black\\">
          <div />
          <Container fluid={false}>
            <div className=\\"container\\">
              <Row>
                <div className=\\"row\\">
                  <Col>
                    <div className=\\"col\\">
                      YES Business Simulation 2021 v
                      0.1.0
                    </div>
                  </Col>
                </div>
              </Row>
            </div>
          </Container>
        </footer>
      </BasePage>
    </HomeView>
  </Router>
</MemoryRouter>"
`;

exports[`HomeView Should render correctly with shallow 1`] = `
"<Fragment>
  <BasePage history={{...}} location={{...}} match={{...}} updateAlertBar={[Function: updateAlertBar]} alert={{...}}>
    <Row>
      <Col>
        Home page
      </Col>
    </Row>
  </BasePage>
</Fragment>"
`;
